// Jest Snapshot v1, https://goo.gl/fbAQLP

exports[`Link Component Tests should render link as anchor with children nodes inside 1`] = `
<a
  className={undefined}
  onClick={[Function]}
>
  <div>
    Foobar
  </div>
</a>
`;
